Copyright 1986-2018 Xilinx, Inc. All Rights Reserved.
------------------------------------------------------------------------------------------
| Tool Version : Vivado v.2018.3 (win64) Build 2405991 Thu Dec  6 23:38:27 MST 2018
| Date         : Tue Jan  8 13:03:02 2019
| Host         : LAPTOP-TQUFNLMN running 64-bit major release  (build 9200)
| Command      : report_incremental_reuse -file aes7_wrapper_incremental_reuse_routed.rpt
| Design       : aes7_wrapper
| Device       : xc7z010
| Design State : Fully Routed
------------------------------------------------------------------------------------------

Incremental Implementation Information

Table of Contents
-----------------
1. Reuse Summary
2. Reference Checkpoint Information
3. Comparison with Reference Run
4. Non Reuse Information

1. Reuse Summary
----------------

+-------+----------------------+--------------------+--------------------+-------+
|  Type | Matched % (of Total) | Reuse % (of Total) | Fixed % (of Total) | Total |
+-------+----------------------+--------------------+--------------------+-------+
| Cells |                97.02 |              96.16 |               7.78 |  1849 |
| Nets  |                97.99 |              84.69 |               0.00 |  1529 |
| Pins  |                    - |              85.70 |                  - |  6275 |
| Ports |               100.00 |             100.00 |             100.00 |   143 |
+-------+----------------------+--------------------+--------------------+-------+


2. Reference Checkpoint Information
-----------------------------------

+----------------+------------------------------------------------------------------------------------+
| DCP Location:  | D:/school/AES/aes7-master/aes7.srcs/utils_1/imports/impl_1/aes7_wrapper_routed.dcp |
+----------------+------------------------------------------------------------------------------------+


+--------------------------------+----------------------------+
|         DCP Information        |            Value           |
+--------------------------------+----------------------------+
| Vivado Version                 |                    v2018.3 |
| DCP State                      |                 POST_ROUTE |
| Recorded WNS                   |                     14.982 |
| Recorded WHS                   |                      0.418 |
| Reference Speed File Version   | PRODUCTION 1.11 2014-09-11 |
| Incremental Speed File Version | PRODUCTION 1.11 2014-09-11 |
+--------------------------------+----------------------------+
* Recorded WNS/WHS timing numbers are estimated timing numbers. They may vary slightly from sign-off timing numbers.


3. Comparison with Reference Run
--------------------------------

+-----------------+---------------------------+---------------------------+---------------------------+
|                 |          WNS(ns)          |  Runtime(elapsed)(hh:mm)  |    Runtime(cpu)(hh:mm)    |
+-----------------+-------------+-------------+-------------+-------------+-------------+-------------+
|      Stage      |  Reference  | Incremental |  Reference  | Incremental |  Reference  | Incremental |
+-----------------+-------------+-------------+-------------+-------------+-------------+-------------+
| synth_design    |             |             |     < 1 min |     < 1 min |     < 1 min |     < 1 min |
| opt_design      |             |             |     < 1 min |     < 1 min |     < 1 min |     < 1 min |
| read_checkpoint |             |             |     < 1 min |     < 1 min |     < 1 min |     < 1 min |
| place_design    |      12.749 |       2.899 |     < 1 min |     < 1 min |     < 1 min |     < 1 min |
| route_design    |      14.982 |       3.424 |     < 1 min |     < 1 min |     < 1 min |     < 1 min |
+-----------------+-------------+-------------+-------------+-------------+-------------+-------------+


4. Non Reuse Information
------------------------

+------------------------------------------------------+-------+
|                         Type                         |   %   |
+------------------------------------------------------+-------+
| Non-Reused Cells                                     |  3.83 |
|   New                                                |  2.97 |
|   Discarded illegal placement due to netlist changes |  0.70 |
|   Discarded to improve timing                        |  0.16 |
| Partially reused nets                                |  0.71 |
| Non-Reused nets                                      | 14.58 |
| Non-Reused Ports                                     |  0.00 |
+------------------------------------------------------+-------+


