11:55:07 **** Build of project aes7_bsp ****
make -k all 
Running Make include in ps7_cortexa9_0/libsrc/ddrps_v1_0/src
make -C ps7_cortexa9_0/libsrc/ddrps_v1_0/src -s include  "SHELL=/bin/sh" "COMPILER=arm-none-eabi-gcc" "ARCHIVER=arm-none-eabi-ar" "COMPILER_FLAGS=  -O2 -c" "EXTRA_COMPILER_FLAGS=-mcpu=cortex-a9 -mfpu=vfpv3 -mfloat-abi=hard -nostartfiles -g -Wall -Wextra"
Running Make include in ps7_cortexa9_0/libsrc/sdps_v3_6/src
make -C ps7_cortexa9_0/libsrc/sdps_v3_6/src -s include  "SHELL=/bin/sh" "COMPILER=arm-none-eabi-gcc" "ARCHIVER=arm-none-eabi-ar" "COMPILER_FLAGS=  -O2 -c" "EXTRA_COMPILER_FLAGS=-mcpu=cortex-a9 -mfpu=vfpv3 -mfloat-abi=hard -nostartfiles -g -Wall -Wextra"
Running Make include in ps7_cortexa9_0/libsrc/standalone_v6_8/src
make -C ps7_cortexa9_0/libsrc/standalone_v6_8/src -s include  "SHELL=/bin/sh" "COMPILER=arm-none-eabi-gcc" "ARCHIVER=arm-none-eabi-ar" "COMPILER_FLAGS=  -O2 -c" "EXTRA_COMPILER_FLAGS=-mcpu=cortex-a9 -mfpu=vfpv3 -mfloat-abi=hard -nostartfiles -g -Wall -Wextra"
Running Make include in ps7_cortexa9_0/libsrc/dmaps_v2_4/src
make -C ps7_cortexa9_0/libsrc/dmaps_v2_4/src -s include  "SHELL=/bin/sh" "COMPILER=arm-none-eabi-gcc" "ARCHIVER=arm-none-eabi-ar" "COMPILER_FLAGS=  -O2 -c" "EXTRA_COMPILER_FLAGS=-mcpu=cortex-a9 -mfpu=vfpv3 -mfloat-abi=hard -nostartfiles -g -Wall -Wextra"
Running Make include in ps7_cortexa9_0/libsrc/cpu_cortexa9_v2_7/src
make -C ps7_cortexa9_0/libsrc/cpu_cortexa9_v2_7/src -s include  "SHELL=/bin/sh" "COMPILER=arm-none-eabi-gcc" "ARCHIVER=arm-none-eabi-ar" "COMPILER_FLAGS=  -O2 -c" "EXTRA_COMPILER_FLAGS=-mcpu=cortex-a9 -mfpu=vfpv3 -mfloat-abi=hard -nostartfiles -g -Wall -Wextra"
Running Make include in ps7_cortexa9_0/libsrc/emacps_v3_8/src
make -C ps7_cortexa9_0/libsrc/emacps_v3_8/src -s include  "SHELL=/bin/sh" "COMPILER=arm-none-eabi-gcc" "ARCHIVER=arm-none-eabi-ar" "COMPILER_FLAGS=  -O2 -c" "EXTRA_COMPILER_FLAGS=-mcpu=cortex-a9 -mfpu=vfpv3 -mfloat-abi=hard -nostartfiles -g -Wall -Wextra"
Running Make include in ps7_cortexa9_0/libsrc/gpiops_v3_4/src
make -C ps7_cortexa9_0/libsrc/gpiops_v3_4/src -s include  "SHELL=/bin/sh" "COMPILER=arm-none-eabi-gcc" "ARCHIVER=arm-none-eabi-ar" "COMPILER_FLAGS=  -O2 -c" "EXTRA_COMPILER_FLAGS=-mcpu=cortex-a9 -mfpu=vfpv3 -mfloat-abi=hard -nostartfiles -g -Wall -Wextra"
Running Make include in ps7_cortexa9_0/libsrc/qspips_v3_5/src
make -C ps7_cortexa9_0/libsrc/qspips_v3_5/src -s include  "SHELL=/bin/sh" "COMPILER=arm-none-eabi-gcc" "ARCHIVER=arm-none-eabi-ar" "COMPILER_FLAGS=  -O2 -c" "EXTRA_COMPILER_FLAGS=-mcpu=cortex-a9 -mfpu=vfpv3 -mfloat-abi=hard -nostartfiles -g -Wall -Wextra"
Running Make include in ps7_cortexa9_0/libsrc/scugic_v3_10/src
make -C ps7_cortexa9_0/libsrc/scugic_v3_10/src -s include  "SHELL=/bin/sh" "COMPILER=arm-none-eabi-gcc" "ARCHIVER=arm-none-eabi-ar" "COMPILER_FLAGS=  -O2 -c" "EXTRA_COMPILER_FLAGS=-mcpu=cortex-a9 -mfpu=vfpv3 -mfloat-abi=hard -nostartfiles -g -Wall -Wextra"
Running Make include in ps7_cortexa9_0/libsrc/xadcps_v2_3/src
make -C ps7_cortexa9_0/libsrc/xadcps_v2_3/src -s include  "SHELL=/bin/sh" "COMPILER=arm-none-eabi-gcc" "ARCHIVER=arm-none-eabi-ar" "COMPILER_FLAGS=  -O2 -c" "EXTRA_COMPILER_FLAGS=-mcpu=cortex-a9 -mfpu=vfpv3 -mfloat-abi=hard -nostartfiles -g -Wall -Wextra"
Running Make include in ps7_cortexa9_0/libsrc/bram_v4_2/src
make -C ps7_cortexa9_0/libsrc/bram_v4_2/src -s include  "SHELL=/bin/sh" "COMPILER=arm-none-eabi-gcc" "ARCHIVER=arm-none-eabi-ar" "COMPILER_FLAGS=  -O2 -c" "EXTRA_COMPILER_FLAGS=-mcpu=cortex-a9 -mfpu=vfpv3 -mfloat-abi=hard -nostartfiles -g -Wall -Wextra"
Running Make include in ps7_cortexa9_0/libsrc/devcfg_v3_5/src
make -C ps7_cortexa9_0/libsrc/devcfg_v3_5/src -s include  "SHELL=/bin/sh" "COMPILER=arm-none-eabi-gcc" "ARCHIVER=arm-none-eabi-ar" "COMPILER_FLAGS=  -O2 -c" "EXTRA_COMPILER_FLAGS=-mcpu=cortex-a9 -mfpu=vfpv3 -mfloat-abi=hard -nostartfiles -g -Wall -Wextra"
Running Make include in ps7_cortexa9_0/libsrc/scuwdt_v2_1/src
make -C ps7_cortexa9_0/libsrc/scuwdt_v2_1/src -s include  "SHELL=/bin/sh" "COMPILER=arm-none-eabi-gcc" "ARCHIVER=arm-none-eabi-ar" "COMPILER_FLAGS=  -O2 -c" "EXTRA_COMPILER_FLAGS=-mcpu=cortex-a9 -mfpu=vfpv3 -mfloat-abi=hard -nostartfiles -g -Wall -Wextra"
Running Make include in ps7_cortexa9_0/libsrc/uartps_v3_7/src
make -C ps7_cortexa9_0/libsrc/uartps_v3_7/src -s include  "SHELL=/bin/sh" "COMPILER=arm-none-eabi-gcc" "ARCHIVER=arm-none-eabi-ar" "COMPILER_FLAGS=  -O2 -c" "EXTRA_COMPILER_FLAGS=-mcpu=cortex-a9 -mfpu=vfpv3 -mfloat-abi=hard -nostartfiles -g -Wall -Wextra"
Running Make include in ps7_cortexa9_0/libsrc/usbps_v2_4/src
make -C ps7_cortexa9_0/libsrc/usbps_v2_4/src -s include  "SHELL=/bin/sh" "COMPILER=arm-none-eabi-gcc" "ARCHIVER=arm-none-eabi-ar" "COMPILER_FLAGS=  -O2 -c" "EXTRA_COMPILER_FLAGS=-mcpu=cortex-a9 -mfpu=vfpv3 -mfloat-abi=hard -nostartfiles -g -Wall -Wextra"
Running Make include in ps7_cortexa9_0/libsrc/coresightps_dcc_v1_4/src
make -C ps7_cortexa9_0/libsrc/coresightps_dcc_v1_4/src -s include  "SHELL=/bin/sh" "COMPILER=arm-none-eabi-gcc" "ARCHIVER=arm-none-eabi-ar" "COMPILER_FLAGS=  -O2 -c" "EXTRA_COMPILER_FLAGS=-mcpu=cortex-a9 -mfpu=vfpv3 -mfloat-abi=hard -nostartfiles -g -Wall -Wextra"
Running Make include in ps7_cortexa9_0/libsrc/scutimer_v2_1/src
make -C ps7_cortexa9_0/libsrc/scutimer_v2_1/src -s include  "SHELL=/bin/sh" "COMPILER=arm-none-eabi-gcc" "ARCHIVER=arm-none-eabi-ar" "COMPILER_FLAGS=  -O2 -c" "EXTRA_COMPILER_FLAGS=-mcpu=cortex-a9 -mfpu=vfpv3 -mfloat-abi=hard -nostartfiles -g -Wall -Wextra"
Running Make libs in ps7_cortexa9_0/libsrc/ddrps_v1_0/src
make -C ps7_cortexa9_0/libsrc/ddrps_v1_0/src -s libs  "SHELL=/bin/sh" "COMPILER=arm-none-eabi-gcc" "ARCHIVER=arm-none-eabi-ar" "COMPILER_FLAGS=  -O2 -c" "EXTRA_COMPILER_FLAGS=-mcpu=cortex-a9 -mfpu=vfpv3 -mfloat-abi=hard -nostartfiles -g -Wall -Wextra"
Compiling ddrps
arm-none-eabi-ar: creating ../../../lib/libxil.a
Running Make libs in ps7_cortexa9_0/libsrc/sdps_v3_6/src
make -C ps7_cortexa9_0/libsrc/sdps_v3_6/src -s libs  "SHELL=/bin/sh" "COMPILER=arm-none-eabi-gcc" "ARCHIVER=arm-none-eabi-ar" "COMPILER_FLAGS=  -O2 -c" "EXTRA_COMPILER_FLAGS=-mcpu=cortex-a9 -mfpu=vfpv3 -mfloat-abi=hard -nostartfiles -g -Wall -Wextra"
Compiling sdps
Running Make libs in ps7_cortexa9_0/libsrc/standalone_v6_8/src
make -C ps7_cortexa9_0/libsrc/standalone_v6_8/src -s libs  "SHELL=/bin/sh" "COMPILER=arm-none-eabi-gcc" "ARCHIVER=arm-none-eabi-ar" "COMPILER_FLAGS=  -O2 -c" "EXTRA_COMPILER_FLAGS=-mcpu=cortex-a9 -mfpu=vfpv3 -mfloat-abi=hard -nostartfiles -g -Wall -Wextra"
Compiling standalone
In file included from sleep.c:53:0:
xtime_l.h:87:9: note: #pragma message: For the sleep routines, Global timer is being used
 #pragma message ("For the sleep routines, Global timer is being used")
         ^~~~~~~
In file included from xtime_l.c:49:0:
xtime_l.h:87:9: note: #pragma message: For the sleep routines, Global timer is being used
 #pragma message ("For the sleep routines, Global timer is being used")
         ^~~~~~~
In file included from xil_sleeptimer.c:51:0:
xtime_l.h:87:9: note: #pragma message: For the sleep routines, Global timer is being used
 #pragma message ("For the sleep routines, Global timer is being used")
         ^~~~~~~
In file included from usleep.c:56:0:
xtime_l.h:87:9: note: #pragma message: For the sleep routines, Global timer is being used
 #pragma message ("For the sleep routines, Global timer is being used")
         ^~~~~~~
Running Make libs in ps7_cortexa9_0/libsrc/dmaps_v2_4/src
make -C ps7_cortexa9_0/libsrc/dmaps_v2_4/src -s libs  "SHELL=/bin/sh" "COMPILER=arm-none-eabi-gcc" "ARCHIVER=arm-none-eabi-ar" "COMPILER_FLAGS=  -O2 -c" "EXTRA_COMPILER_FLAGS=-mcpu=cortex-a9 -mfpu=vfpv3 -mfloat-abi=hard -nostartfiles -g -Wall -Wextra"
Compiling dmaps
Running Make libs in ps7_cortexa9_0/libsrc/cpu_cortexa9_v2_7/src
make -C ps7_cortexa9_0/libsrc/cpu_cortexa9_v2_7/src -s libs  "SHELL=/bin/sh" "COMPILER=arm-none-eabi-gcc" "ARCHIVER=arm-none-eabi-ar" "COMPILER_FLAGS=  -O2 -c" "EXTRA_COMPILER_FLAGS=-mcpu=cortex-a9 -mfpu=vfpv3 -mfloat-abi=hard -nostartfiles -g -Wall -Wextra"
Compiling cpu_cortexa9
Running Make libs in ps7_cortexa9_0/libsrc/emacps_v3_8/src
make -C ps7_cortexa9_0/libsrc/emacps_v3_8/src -s libs  "SHELL=/bin/sh" "COMPILER=arm-none-eabi-gcc" "ARCHIVER=arm-none-eabi-ar" "COMPILER_FLAGS=  -O2 -c" "EXTRA_COMPILER_FLAGS=-mcpu=cortex-a9 -mfpu=vfpv3 -mfloat-abi=hard -nostartfiles -g -Wall -Wextra"
Compiling emacps
Running Make libs in ps7_cortexa9_0/libsrc/gpiops_v3_4/src
make -C ps7_cortexa9_0/libsrc/gpiops_v3_4/src -s libs  "SHELL=/bin/sh" "COMPILER=arm-none-eabi-gcc" "ARCHIVER=arm-none-eabi-ar" "COMPILER_FLAGS=  -O2 -c" "EXTRA_COMPILER_FLAGS=-mcpu=cortex-a9 -mfpu=vfpv3 -mfloat-abi=hard -nostartfiles -g -Wall -Wextra"
Compiling gpiops
Running Make libs in ps7_cortexa9_0/libsrc/qspips_v3_5/src
make -C ps7_cortexa9_0/libsrc/qspips_v3_5/src -s libs  "SHELL=/bin/sh" "COMPILER=arm-none-eabi-gcc" "ARCHIVER=arm-none-eabi-ar" "COMPILER_FLAGS=  -O2 -c" "EXTRA_COMPILER_FLAGS=-mcpu=cortex-a9 -mfpu=vfpv3 -mfloat-abi=hard -nostartfiles -g -Wall -Wextra"
Compiling qspips
Running Make libs in ps7_cortexa9_0/libsrc/scugic_v3_10/src
make -C ps7_cortexa9_0/libsrc/scugic_v3_10/src -s libs  "SHELL=/bin/sh" "COMPILER=arm-none-eabi-gcc" "ARCHIVER=arm-none-eabi-ar" "COMPILER_FLAGS=  -O2 -c" "EXTRA_COMPILER_FLAGS=-mcpu=cortex-a9 -mfpu=vfpv3 -mfloat-abi=hard -nostartfiles -g -Wall -Wextra"
Compiling scugic
Running Make libs in ps7_cortexa9_0/libsrc/xadcps_v2_3/src
make -C ps7_cortexa9_0/libsrc/xadcps_v2_3/src -s libs  "SHELL=/bin/sh" "COMPILER=arm-none-eabi-gcc" "ARCHIVER=arm-none-eabi-ar" "COMPILER_FLAGS=  -O2 -c" "EXTRA_COMPILER_FLAGS=-mcpu=cortex-a9 -mfpu=vfpv3 -mfloat-abi=hard -nostartfiles -g -Wall -Wextra"
Compiling xadcps
Running Make libs in ps7_cortexa9_0/libsrc/bram_v4_2/src
make -C ps7_cortexa9_0/libsrc/bram_v4_2/src -s libs  "SHELL=/bin/sh" "COMPILER=arm-none-eabi-gcc" "ARCHIVER=arm-none-eabi-ar" "COMPILER_FLAGS=  -O2 -c" "EXTRA_COMPILER_FLAGS=-mcpu=cortex-a9 -mfpu=vfpv3 -mfloat-abi=hard -nostartfiles -g -Wall -Wextra"
Compiling bram
Running Make libs in ps7_cortexa9_0/libsrc/devcfg_v3_5/src
make -C ps7_cortexa9_0/libsrc/devcfg_v3_5/src -s libs  "SHELL=/bin/sh" "COMPILER=arm-none-eabi-gcc" "ARCHIVER=arm-none-eabi-ar" "COMPILER_FLAGS=  -O2 -c" "EXTRA_COMPILER_FLAGS=-mcpu=cortex-a9 -mfpu=vfpv3 -mfloat-abi=hard -nostartfiles -g -Wall -Wextra"
Compiling devcfg
Running Make libs in ps7_cortexa9_0/libsrc/scuwdt_v2_1/src
make -C ps7_cortexa9_0/libsrc/scuwdt_v2_1/src -s libs  "SHELL=/bin/sh" "COMPILER=arm-none-eabi-gcc" "ARCHIVER=arm-none-eabi-ar" "COMPILER_FLAGS=  -O2 -c" "EXTRA_COMPILER_FLAGS=-mcpu=cortex-a9 -mfpu=vfpv3 -mfloat-abi=hard -nostartfiles -g -Wall -Wextra"
Compiling scuwdt
Running Make libs in ps7_cortexa9_0/libsrc/uartps_v3_7/src
make -C ps7_cortexa9_0/libsrc/uartps_v3_7/src -s libs  "SHELL=/bin/sh" "COMPILER=arm-none-eabi-gcc" "ARCHIVER=arm-none-eabi-ar" "COMPILER_FLAGS=  -O2 -c" "EXTRA_COMPILER_FLAGS=-mcpu=cortex-a9 -mfpu=vfpv3 -mfloat-abi=hard -nostartfiles -g -Wall -Wextra"
Compiling uartps
Running Make libs in ps7_cortexa9_0/libsrc/usbps_v2_4/src
make -C ps7_cortexa9_0/libsrc/usbps_v2_4/src -s libs  "SHELL=/bin/sh" "COMPILER=arm-none-eabi-gcc" "ARCHIVER=arm-none-eabi-ar" "COMPILER_FLAGS=  -O2 -c" "EXTRA_COMPILER_FLAGS=-mcpu=cortex-a9 -mfpu=vfpv3 -mfloat-abi=hard -nostartfiles -g -Wall -Wextra"
Compiling usbps
Running Make libs in ps7_cortexa9_0/libsrc/coresightps_dcc_v1_4/src
make -C ps7_cortexa9_0/libsrc/coresightps_dcc_v1_4/src -s libs  "SHELL=/bin/sh" "COMPILER=arm-none-eabi-gcc" "ARCHIVER=arm-none-eabi-ar" "COMPILER_FLAGS=  -O2 -c" "EXTRA_COMPILER_FLAGS=-mcpu=cortex-a9 -mfpu=vfpv3 -mfloat-abi=hard -nostartfiles -g -Wall -Wextra"
Compiling coresightps_dcc
Running Make libs in ps7_cortexa9_0/libsrc/scutimer_v2_1/src
make -C ps7_cortexa9_0/libsrc/scutimer_v2_1/src -s libs  "SHELL=/bin/sh" "COMPILER=arm-none-eabi-gcc" "ARCHIVER=arm-none-eabi-ar" "COMPILER_FLAGS=  -O2 -c" "EXTRA_COMPILER_FLAGS=-mcpu=cortex-a9 -mfpu=vfpv3 -mfloat-abi=hard -nostartfiles -g -Wall -Wextra"
Compiling scutimer
Finished building libraries
11:55:27 **** Build of configuration Debug for project fillmemory ****
make pre-build main-build 
a9-linaro-pre-build-step
 
Building file: ../src/helloworld.c
Invoking: ARM v7 gcc compiler
arm-none-eabi-gcc -Wall -O0 -g3 -c -fmessage-length=0 -MT"src/helloworld.o" -mcpu=cortex-a9 -mfpu=vfpv3 -mfloat-abi=hard -I../../aes7_bsp/ps7_cortexa9_0/include -MMD -MP -MF"src/helloworld.d" -MT"src/helloworld.o" -o "src/helloworld.o" "../src/helloworld.c"
Finished building: ../src/helloworld.c
 
Building file: ../src/platform.c
Invoking: ARM v7 gcc compiler
arm-none-eabi-gcc -Wall -O0 -g3 -c -fmessage-length=0 -MT"src/platform.o" -mcpu=cortex-a9 -mfpu=vfpv3 -mfloat-abi=hard -I../../aes7_bsp/ps7_cortexa9_0/include -MMD -MP -MF"src/platform.d" -MT"src/platform.o" -o "src/platform.o" "../src/platform.c"
Finished building: ../src/platform.c
 
Building target: fillmemory.elf
Invoking: ARM v7 gcc linker
arm-none-eabi-gcc -mcpu=cortex-a9 -mfpu=vfpv3 -mfloat-abi=hard -Wl,-build-id=none -specs=Xilinx.spec -Wl,-T -Wl,../src/lscript.ld -L../../aes7_bsp/ps7_cortexa9_0/lib -o "fillmemory.elf"  ./src/helloworld.o ./src/platform.o   -Wl,--start-group,-lxil,-lgcc,-lc,--end-group
Finished building target: fillmemory.elf
 
Invoking: ARM v7 Print Size
arm-none-eabi-size fillmemory.elf  |tee "fillmemory.elf.size"
   text	   data	    bss	    dec	    hex	filename
  19352	   1144	  22568	  43064	   a838	fillmemory.elf
Finished building: fillmemory.elf.size
 
11:55:28 **** Auto Build of configuration Debug for project fillmemory ****
make pre-build main-build 
a9-linaro-pre-build-step
 
make: Nothing to be done for 'main-build'.
11:55:37 **** Clean-only build of configuration Debug for project fillmemory ****
make clean 
rm -rf  ./src/helloworld.o ./src/platform.o  ./src/helloworld.d ./src/platform.d  fillmemory.elf.size  fillmemory.elf
 
11:55:37 **** Auto Build of configuration Debug for project fillmemory ****
make pre-build main-build 
a9-linaro-pre-build-step
 
Building file: ../src/fillmemory.c
Invoking: ARM v7 gcc compiler
arm-none-eabi-gcc -Wall -O0 -g3 -c -fmessage-length=0 -MT"src/fillmemory.o" -mcpu=cortex-a9 -mfpu=vfpv3 -mfloat-abi=hard -I../../aes7_bsp/ps7_cortexa9_0/include -MMD -MP -MF"src/fillmemory.d" -MT"src/fillmemory.o" -o "src/fillmemory.o" "../src/fillmemory.c"
Finished building: ../src/fillmemory.c
 
Building file: ../src/platform.c
Invoking: ARM v7 gcc compiler
arm-none-eabi-gcc -Wall -O0 -g3 -c -fmessage-length=0 -MT"src/platform.o" -mcpu=cortex-a9 -mfpu=vfpv3 -mfloat-abi=hard -I../../aes7_bsp/ps7_cortexa9_0/include -MMD -MP -MF"src/platform.d" -MT"src/platform.o" -o "src/platform.o" "../src/platform.c"
Finished building: ../src/platform.c
 
Building target: fillmemory.elf
Invoking: ARM v7 gcc linker
arm-none-eabi-gcc -mcpu=cortex-a9 -mfpu=vfpv3 -mfloat-abi=hard -Wl,-build-id=none -specs=Xilinx.spec -Wl,-T -Wl,../src/lscript.ld -L../../aes7_bsp/ps7_cortexa9_0/lib -o "fillmemory.elf"  ./src/fillmemory.o ./src/platform.o   -Wl,--start-group,-lxil,-lgcc,-lc,--end-group
Finished building target: fillmemory.elf
 
Invoking: ARM v7 Print Size
arm-none-eabi-size fillmemory.elf  |tee "fillmemory.elf.size"
   text	   data	    bss	    dec	    hex	filename
  19352	   1144	  22568	  43064	   a838	fillmemory.elf
Finished building: fillmemory.elf.size
 
11:55:58 **** Auto Build of configuration Debug for project fillmemory ****
make pre-build main-build 
a9-linaro-pre-build-step
 
Building file: ../src/fillmemory.c
Invoking: ARM v7 gcc compiler
arm-none-eabi-gcc -Wall -O0 -g3 -c -fmessage-length=0 -MT"src/fillmemory.o" -mcpu=cortex-a9 -mfpu=vfpv3 -mfloat-abi=hard -I../../aes7_bsp/ps7_cortexa9_0/include -MMD -MP -MF"src/fillmemory.d" -MT"src/fillmemory.o" -o "src/fillmemory.o" "../src/fillmemory.c"
../src/fillmemory.c: In function 'main':
../src/fillmemory.c:24:27: warning: large integer implicitly truncated to unsigned type [-Woverflow]
     Xil_Out16(LOCADDR(0), 0b10101010101010101);
                           ^~~~~~~~~~~~~~~~~~~
../src/fillmemory.c:25:27: warning: large integer implicitly truncated to unsigned type [-Woverflow]
     Xil_Out16(LOCADDR(1), 0b10101010101010101);
                           ^~~~~~~~~~~~~~~~~~~
../src/fillmemory.c:26:27: warning: large integer implicitly truncated to unsigned type [-Woverflow]
     Xil_Out16(LOCADDR(2), 0b10101010101010101);
                           ^~~~~~~~~~~~~~~~~~~
../src/fillmemory.c:27:27: warning: large integer implicitly truncated to unsigned type [-Woverflow]
     Xil_Out16(LOCADDR(3), 0b10101010101010101);
                           ^~~~~~~~~~~~~~~~~~~
../src/fillmemory.c:28:27: warning: large integer implicitly truncated to unsigned type [-Woverflow]
     Xil_Out16(LOCADDR(4), 0b10101010101010101);
                           ^~~~~~~~~~~~~~~~~~~
../src/fillmemory.c:29:27: warning: large integer implicitly truncated to unsigned type [-Woverflow]
     Xil_Out16(LOCADDR(5), 0b10101010101010101);
                           ^~~~~~~~~~~~~~~~~~~
../src/fillmemory.c:30:27: warning: large integer implicitly truncated to unsigned type [-Woverflow]
     Xil_Out16(LOCADDR(6), 0b10101010101010101);
                           ^~~~~~~~~~~~~~~~~~~
../src/fillmemory.c:31:27: warning: large integer implicitly truncated to unsigned type [-Woverflow]
     Xil_Out16(LOCADDR(7), 0b10101010101010101);
                           ^~~~~~~~~~~~~~~~~~~
Finished building: ../src/fillmemory.c
 
Building target: fillmemory.elf
Invoking: ARM v7 gcc linker
arm-none-eabi-gcc -mcpu=cortex-a9 -mfpu=vfpv3 -mfloat-abi=hard -Wl,-build-id=none -specs=Xilinx.spec -Wl,-T -Wl,../src/lscript.ld -L../../aes7_bsp/ps7_cortexa9_0/lib -o "fillmemory.elf"  ./src/fillmemory.o ./src/platform.o   -Wl,--start-group,-lxil,-lgcc,-lc,--end-group
Finished building target: fillmemory.elf
 
Invoking: ARM v7 Print Size
arm-none-eabi-size fillmemory.elf  |tee "fillmemory.elf.size"
   text	   data	    bss	    dec	    hex	filename
  34992	   2192	  22648	  59832	   e9b8	fillmemory.elf
Finished building: fillmemory.elf.size
 
11:56:26 **** Auto Build of configuration Debug for project fillmemory ****
make pre-build main-build 
a9-linaro-pre-build-step
 
Building file: ../src/fillmemory.c
Invoking: ARM v7 gcc compiler
arm-none-eabi-gcc -Wall -O0 -g3 -c -fmessage-length=0 -MT"src/fillmemory.o" -mcpu=cortex-a9 -mfpu=vfpv3 -mfloat-abi=hard -I../../aes7_bsp/ps7_cortexa9_0/include -MMD -MP -MF"src/fillmemory.d" -MT"src/fillmemory.o" -o "src/fillmemory.o" "../src/fillmemory.c"
Finished building: ../src/fillmemory.c
 
Building target: fillmemory.elf
Invoking: ARM v7 gcc linker
arm-none-eabi-gcc -mcpu=cortex-a9 -mfpu=vfpv3 -mfloat-abi=hard -Wl,-build-id=none -specs=Xilinx.spec -Wl,-T -Wl,../src/lscript.ld -L../../aes7_bsp/ps7_cortexa9_0/lib -o "fillmemory.elf"  ./src/fillmemory.o ./src/platform.o   -Wl,--start-group,-lxil,-lgcc,-lc,--end-group
Finished building target: fillmemory.elf
 
Invoking: ARM v7 Print Size
arm-none-eabi-size fillmemory.elf  |tee "fillmemory.elf.size"
   text	   data	    bss	    dec	    hex	filename
  34992	   2192	  22648	  59832	   e9b8	fillmemory.elf
Finished building: fillmemory.elf.size
 
11:56:31 **** Incremental Build of configuration Debug for project fillmemory ****
make pre-build main-build 
a9-linaro-pre-build-step
 
make: Nothing to be done for 'main-build'.
11:58:50 **** Auto Build of configuration Debug for project fillmemory ****
make pre-build main-build 
a9-linaro-pre-build-step
 
Building file: ../src/fillmemory.c
Invoking: ARM v7 gcc compiler
arm-none-eabi-gcc -Wall -O0 -g3 -c -fmessage-length=0 -MT"src/fillmemory.o" -mcpu=cortex-a9 -mfpu=vfpv3 -mfloat-abi=hard -I../../aes7_bsp/ps7_cortexa9_0/include -MMD -MP -MF"src/fillmemory.d" -MT"src/fillmemory.o" -o "src/fillmemory.o" "../src/fillmemory.c"
../src/fillmemory.c: In function 'main':
../src/fillmemory.c:36:20: warning: implicit declaration of function 'Xil_In'; did you mean 'Xil_In8'? [-Wimplicit-function-declaration]
  uint16_t memval = Xil_In(16);
                    ^~~~~~
                    Xil_In8
../src/fillmemory.c:44:12: error: lvalue required as left operand of assignment
        ++i %= 16;
            ^~
src/subdir.mk:24: recipe for target 'src/fillmemory.o' failed
make: *** [src/fillmemory.o] Error 1
11:59:02 **** Auto Build of configuration Debug for project fillmemory ****
make pre-build main-build 
a9-linaro-pre-build-step
 
Building file: ../src/fillmemory.c
Invoking: ARM v7 gcc compiler
arm-none-eabi-gcc -Wall -O0 -g3 -c -fmessage-length=0 -MT"src/fillmemory.o" -mcpu=cortex-a9 -mfpu=vfpv3 -mfloat-abi=hard -I../../aes7_bsp/ps7_cortexa9_0/include -MMD -MP -MF"src/fillmemory.d" -MT"src/fillmemory.o" -o "src/fillmemory.o" "../src/fillmemory.c"
../src/fillmemory.c: In function 'main':
../src/fillmemory.c:36:20: warning: implicit declaration of function 'Xil_In'; did you mean 'Xil_In8'? [-Wimplicit-function-declaration]
  uint16_t memval = Xil_In(16);
                    ^~~~~~
                    Xil_In8
../src/fillmemory.c:44:14: error: lvalue required as left operand of assignment
        (++i) %= 16;
              ^~
make: *** [src/fillmemory.o] Error 1
src/subdir.mk:24: recipe for target 'src/fillmemory.o' failed
11:59:06 **** Auto Build of configuration Debug for project fillmemory ****
make pre-build main-build 
a9-linaro-pre-build-step
 
Building file: ../src/fillmemory.c
Invoking: ARM v7 gcc compiler
arm-none-eabi-gcc -Wall -O0 -g3 -c -fmessage-length=0 -MT"src/fillmemory.o" -mcpu=cortex-a9 -mfpu=vfpv3 -mfloat-abi=hard -I../../aes7_bsp/ps7_cortexa9_0/include -MMD -MP -MF"src/fillmemory.d" -MT"src/fillmemory.o" -o "src/fillmemory.o" "../src/fillmemory.c"
../src/fillmemory.c: In function 'main':
../src/fillmemory.c:36:20: warning: implicit declaration of function 'Xil_In'; did you mean 'Xil_In8'? [-Wimplicit-function-declaration]
  uint16_t memval = Xil_In(16);
                    ^~~~~~
                    Xil_In8
Finished building: ../src/fillmemory.c
 
Building target: fillmemory.elf
Invoking: ARM v7 gcc linker
arm-none-eabi-gcc -mcpu=cortex-a9 -mfpu=vfpv3 -mfloat-abi=hard -Wl,-build-id=none -specs=Xilinx.spec -Wl,-T -Wl,../src/lscript.ld -L../../aes7_bsp/ps7_cortexa9_0/lib -o "fillmemory.elf"  ./src/fillmemory.o ./src/platform.o   -Wl,--start-group,-lxil,-lgcc,-lc,--end-group
./src/fillmemory.o: In function `main':
/home/parallels/vivado/aes7/aes7.sdk/fillmemory/Debug/../src/fillmemory.c:36: undefined reference to `Xil_In'
collect2: error: ld returned 1 exit status
makefile:39: recipe for target 'fillmemory.elf' failed
make: *** [fillmemory.elf] Error 1
11:59:14 **** Auto Build of configuration Debug for project fillmemory ****
make pre-build main-build 
a9-linaro-pre-build-step
 
Building file: ../src/fillmemory.c
Invoking: ARM v7 gcc compiler
arm-none-eabi-gcc -Wall -O0 -g3 -c -fmessage-length=0 -MT"src/fillmemory.o" -mcpu=cortex-a9 -mfpu=vfpv3 -mfloat-abi=hard -I../../aes7_bsp/ps7_cortexa9_0/include -MMD -MP -MF"src/fillmemory.d" -MT"src/fillmemory.o" -o "src/fillmemory.o" "../src/fillmemory.c"
Finished building: ../src/fillmemory.c
 
Building target: fillmemory.elf
Invoking: ARM v7 gcc linker
arm-none-eabi-gcc -mcpu=cortex-a9 -mfpu=vfpv3 -mfloat-abi=hard -Wl,-build-id=none -specs=Xilinx.spec -Wl,-T -Wl,../src/lscript.ld -L../../aes7_bsp/ps7_cortexa9_0/lib -o "fillmemory.elf"  ./src/fillmemory.o ./src/platform.o   -Wl,--start-group,-lxil,-lgcc,-lc,--end-group
Finished building target: fillmemory.elf
 
Invoking: ARM v7 Print Size
arm-none-eabi-size fillmemory.elf  |tee "fillmemory.elf.size"
   text	   data	    bss	    dec	    hex	filename
  35028	   2192	  22648	  59868	   e9dc	fillmemory.elf
Finished building: fillmemory.elf.size
 
11:59:17 **** Auto Build of configuration Debug for project fillmemory ****
make pre-build main-build 
a9-linaro-pre-build-step
 
Building file: ../src/fillmemory.c
Invoking: ARM v7 gcc compiler
arm-none-eabi-gcc -Wall -O0 -g3 -c -fmessage-length=0 -MT"src/fillmemory.o" -mcpu=cortex-a9 -mfpu=vfpv3 -mfloat-abi=hard -I../../aes7_bsp/ps7_cortexa9_0/include -MMD -MP -MF"src/fillmemory.d" -MT"src/fillmemory.o" -o "src/fillmemory.o" "../src/fillmemory.c"
Finished building: ../src/fillmemory.c
 
Building target: fillmemory.elf
Invoking: ARM v7 gcc linker
arm-none-eabi-gcc -mcpu=cortex-a9 -mfpu=vfpv3 -mfloat-abi=hard -Wl,-build-id=none -specs=Xilinx.spec -Wl,-T -Wl,../src/lscript.ld -L../../aes7_bsp/ps7_cortexa9_0/lib -o "fillmemory.elf"  ./src/fillmemory.o ./src/platform.o   -Wl,--start-group,-lxil,-lgcc,-lc,--end-group
Finished building target: fillmemory.elf
 
Invoking: ARM v7 Print Size
arm-none-eabi-size fillmemory.elf  |tee "fillmemory.elf.size"
   text	   data	    bss	    dec	    hex	filename
  35028	   2192	  22648	  59868	   e9dc	fillmemory.elf
Finished building: fillmemory.elf.size
 
11:59:22 **** Incremental Build of configuration Debug for project fillmemory ****
make pre-build main-build 
a9-linaro-pre-build-step
 
make: Nothing to be done for 'main-build'.
11:59:51 **** Auto Build of configuration Debug for project fillmemory ****
make pre-build main-build 
a9-linaro-pre-build-step
 
Building file: ../src/fillmemory.c
Invoking: ARM v7 gcc compiler
arm-none-eabi-gcc -Wall -O0 -g3 -c -fmessage-length=0 -MT"src/fillmemory.o" -mcpu=cortex-a9 -mfpu=vfpv3 -mfloat-abi=hard -I../../aes7_bsp/ps7_cortexa9_0/include -MMD -MP -MF"src/fillmemory.d" -MT"src/fillmemory.o" -o "src/fillmemory.o" "../src/fillmemory.c"
Finished building: ../src/fillmemory.c
 
Building target: fillmemory.elf
Invoking: ARM v7 gcc linker
arm-none-eabi-gcc -mcpu=cortex-a9 -mfpu=vfpv3 -mfloat-abi=hard -Wl,-build-id=none -specs=Xilinx.spec -Wl,-T -Wl,../src/lscript.ld -L../../aes7_bsp/ps7_cortexa9_0/lib -o "fillmemory.elf"  ./src/fillmemory.o ./src/platform.o   -Wl,--start-group,-lxil,-lgcc,-lc,--end-group
Finished building target: fillmemory.elf
 
Invoking: ARM v7 Print Size
arm-none-eabi-size fillmemory.elf  |tee "fillmemory.elf.size"
   text	   data	    bss	    dec	    hex	filename
  35028	   2192	  22648	  59868	   e9dc	fillmemory.elf
Finished building: fillmemory.elf.size
 
11:59:55 **** Auto Build of configuration Debug for project fillmemory ****
make pre-build main-build 
a9-linaro-pre-build-step
 
Building file: ../src/fillmemory.c
Invoking: ARM v7 gcc compiler
arm-none-eabi-gcc -Wall -O0 -g3 -c -fmessage-length=0 -MT"src/fillmemory.o" -mcpu=cortex-a9 -mfpu=vfpv3 -mfloat-abi=hard -I../../aes7_bsp/ps7_cortexa9_0/include -MMD -MP -MF"src/fillmemory.d" -MT"src/fillmemory.o" -o "src/fillmemory.o" "../src/fillmemory.c"
Finished building: ../src/fillmemory.c
 
Building target: fillmemory.elf
Invoking: ARM v7 gcc linker
arm-none-eabi-gcc -mcpu=cortex-a9 -mfpu=vfpv3 -mfloat-abi=hard -Wl,-build-id=none -specs=Xilinx.spec -Wl,-T -Wl,../src/lscript.ld -L../../aes7_bsp/ps7_cortexa9_0/lib -o "fillmemory.elf"  ./src/fillmemory.o ./src/platform.o   -Wl,--start-group,-lxil,-lgcc,-lc,--end-group
Finished building target: fillmemory.elf
 
Invoking: ARM v7 Print Size
arm-none-eabi-size fillmemory.elf  |tee "fillmemory.elf.size"
   text	   data	    bss	    dec	    hex	filename
  35028	   2192	  22648	  59868	   e9dc	fillmemory.elf
Finished building: fillmemory.elf.size
 
11:59:59 **** Incremental Build of configuration Debug for project fillmemory ****
make pre-build main-build 
a9-linaro-pre-build-step
 
make: Nothing to be done for 'main-build'.
12:52:46 **** Auto Build of configuration Debug for project fillmemory ****
make pre-build main-build 
a9-linaro-pre-build-step
 
Building file: ../src/fillmemory.c
Invoking: ARM v7 gcc compiler
arm-none-eabi-gcc -Wall -O0 -g3 -c -fmessage-length=0 -MT"src/fillmemory.o" -mcpu=cortex-a9 -mfpu=vfpv3 -mfloat-abi=hard -I../../aes7_bsp/ps7_cortexa9_0/include -MMD -MP -MF"src/fillmemory.d" -MT"src/fillmemory.o" -o "src/fillmemory.o" "../src/fillmemory.c"
../src/fillmemory.c: In function 'main':
../src/fillmemory.c:38:7: error: unknown type name 'uitn8_t'; did you mean 'uint8_t'?
   for(uitn8_t i = 0; i < 16; i++) {
       ^~~~~~~
       uint8_t
src/subdir.mk:24: recipe for target 'src/fillmemory.o' failed
make: *** [src/fillmemory.o] Error 1
12:52:53 **** Auto Build of configuration Debug for project fillmemory ****
make pre-build main-build 
a9-linaro-pre-build-step
 
Building file: ../src/fillmemory.c
Invoking: ARM v7 gcc compiler
arm-none-eabi-gcc -Wall -O0 -g3 -c -fmessage-length=0 -MT"src/fillmemory.o" -mcpu=cortex-a9 -mfpu=vfpv3 -mfloat-abi=hard -I../../aes7_bsp/ps7_cortexa9_0/include -MMD -MP -MF"src/fillmemory.d" -MT"src/fillmemory.o" -o "src/fillmemory.o" "../src/fillmemory.c"
Finished building: ../src/fillmemory.c
 
Building target: fillmemory.elf
Invoking: ARM v7 gcc linker
arm-none-eabi-gcc -mcpu=cortex-a9 -mfpu=vfpv3 -mfloat-abi=hard -Wl,-build-id=none -specs=Xilinx.spec -Wl,-T -Wl,../src/lscript.ld -L../../aes7_bsp/ps7_cortexa9_0/lib -o "fillmemory.elf"  ./src/fillmemory.o ./src/platform.o   -Wl,--start-group,-lxil,-lgcc,-lc,--end-group
Finished building target: fillmemory.elf
 
Invoking: ARM v7 Print Size
arm-none-eabi-size fillmemory.elf  |tee "fillmemory.elf.size"
   text	   data	    bss	    dec	    hex	filename
  35032	   2192	  22648	  59872	   e9e0	fillmemory.elf
Finished building: fillmemory.elf.size
 
12:53:12 **** Auto Build of configuration Debug for project fillmemory ****
make pre-build main-build 
a9-linaro-pre-build-step
 
Building file: ../src/fillmemory.c
Invoking: ARM v7 gcc compiler
arm-none-eabi-gcc -Wall -O0 -g3 -c -fmessage-length=0 -MT"src/fillmemory.o" -mcpu=cortex-a9 -mfpu=vfpv3 -mfloat-abi=hard -I../../aes7_bsp/ps7_cortexa9_0/include -MMD -MP -MF"src/fillmemory.d" -MT"src/fillmemory.o" -o "src/fillmemory.o" "../src/fillmemory.c"
Finished building: ../src/fillmemory.c
 
Building target: fillmemory.elf
Invoking: ARM v7 gcc linker
arm-none-eabi-gcc -mcpu=cortex-a9 -mfpu=vfpv3 -mfloat-abi=hard -Wl,-build-id=none -specs=Xilinx.spec -Wl,-T -Wl,../src/lscript.ld -L../../aes7_bsp/ps7_cortexa9_0/lib -o "fillmemory.elf"  ./src/fillmemory.o ./src/platform.o   -Wl,--start-group,-lxil,-lgcc,-lc,--end-group
Finished building target: fillmemory.elf
 
Invoking: ARM v7 Print Size
arm-none-eabi-size fillmemory.elf  |tee "fillmemory.elf.size"
   text	   data	    bss	    dec	    hex	filename
  35128	   2192	  22648	  59968	   ea40	fillmemory.elf
Finished building: fillmemory.elf.size
 
12:53:22 **** Auto Build of configuration Debug for project fillmemory ****
make pre-build main-build 
a9-linaro-pre-build-step
 
Building file: ../src/fillmemory.c
Invoking: ARM v7 gcc compiler
arm-none-eabi-gcc -Wall -O0 -g3 -c -fmessage-length=0 -MT"src/fillmemory.o" -mcpu=cortex-a9 -mfpu=vfpv3 -mfloat-abi=hard -I../../aes7_bsp/ps7_cortexa9_0/include -MMD -MP -MF"src/fillmemory.d" -MT"src/fillmemory.o" -o "src/fillmemory.o" "../src/fillmemory.c"
Finished building: ../src/fillmemory.c
 
Building target: fillmemory.elf
Invoking: ARM v7 gcc linker
arm-none-eabi-gcc -mcpu=cortex-a9 -mfpu=vfpv3 -mfloat-abi=hard -Wl,-build-id=none -specs=Xilinx.spec -Wl,-T -Wl,../src/lscript.ld -L../../aes7_bsp/ps7_cortexa9_0/lib -o "fillmemory.elf"  ./src/fillmemory.o ./src/platform.o   -Wl,--start-group,-lxil,-lgcc,-lc,--end-group
Finished building target: fillmemory.elf
 
Invoking: ARM v7 Print Size
arm-none-eabi-size fillmemory.elf  |tee "fillmemory.elf.size"
   text	   data	    bss	    dec	    hex	filename
  35000	   2192	  22648	  59840	   e9c0	fillmemory.elf
Finished building: fillmemory.elf.size
 
12:53:25 **** Auto Build of configuration Debug for project fillmemory ****
make pre-build main-build 
a9-linaro-pre-build-step
 
Building file: ../src/fillmemory.c
Invoking: ARM v7 gcc compiler
arm-none-eabi-gcc -Wall -O0 -g3 -c -fmessage-length=0 -MT"src/fillmemory.o" -mcpu=cortex-a9 -mfpu=vfpv3 -mfloat-abi=hard -I../../aes7_bsp/ps7_cortexa9_0/include -MMD -MP -MF"src/fillmemory.d" -MT"src/fillmemory.o" -o "src/fillmemory.o" "../src/fillmemory.c"
Finished building: ../src/fillmemory.c
 
Building target: fillmemory.elf
Invoking: ARM v7 gcc linker
arm-none-eabi-gcc -mcpu=cortex-a9 -mfpu=vfpv3 -mfloat-abi=hard -Wl,-build-id=none -specs=Xilinx.spec -Wl,-T -Wl,../src/lscript.ld -L../../aes7_bsp/ps7_cortexa9_0/lib -o "fillmemory.elf"  ./src/fillmemory.o ./src/platform.o   -Wl,--start-group,-lxil,-lgcc,-lc,--end-group
Finished building target: fillmemory.elf
 
Invoking: ARM v7 Print Size
arm-none-eabi-size fillmemory.elf  |tee "fillmemory.elf.size"
   text	   data	    bss	    dec	    hex	filename
  35000	   2192	  22648	  59840	   e9c0	fillmemory.elf
Finished building: fillmemory.elf.size
 
12:53:27 **** Incremental Build of configuration Debug for project fillmemory ****
make pre-build main-build 
a9-linaro-pre-build-step
 
make: Nothing to be done for 'main-build'.
